// Jest Snapshot v1, https://goo.gl/fbAQLP

exports[`Banner component rendering renders Banner 1`] = `
<div
  className="Banner"
>
  <div
    className="Banner__message"
  >
    <a
      className="Banner__link"
      href="https://linktr.ee/blacklivesmatter"
    >
      Black Lives Matter
    </a>
  </div>
</div>
`;
