// Jest Snapshot v1, https://goo.gl/fbAQLP

exports[`NotFound component rendering renders NotFound 1`] = `
<div
  className="NotFound"
>
  <Memo(Connect(ThemeToggle)) />
  <h1>
    404 - Page Not Found!
  </h1>
  <h2
    className="NotFound__linkContainer"
  >
    <span
      className="NotFound__linkWords"
    >
      Perhaps you'd like a link
    </span>
    <ForwardRef
      className="NotFound__link"
      to="/"
    >
      home
    </ForwardRef>
    ?
  </h2>
</div>
`;
